{
  "format": "OPENSSH",
  "public": { "type": "ssh-ed25519" }
}
