{
  "format": "OPENSSH",
  "private": { "encrypted": true }
}
