{
  "format": "PKCS8",
  "encrypted": false,
  "key": { "type": "RSA", "size": 2048 }
}
