{
  "format": "JKS",
  "encrypted": false,
  "store_type": "jks",
  "magic": "feedfeed",
  "entries": [
    { "alias": "leaf", "type": "PrivateKeyEntry", "chain_len": 1, "subject_cn": "leaf.example.com" },
    { "alias": "root", "type": "TrustedCertEntry", "chain_len": null, "subject_cn": "KeyProbe Test Root" }
  ],
  "decrypt_probe": [
    { "alias": "leaf", "ok": true, "oid": "1.3.6.1.4.1.42.2.17.1.1" }
  ]
}
