{
  "decrypt_probe": [
    {
      "alias": "leaf",
      "oid": "1.3.6.1.4.1.42.2.17.1.1",
      "ok": true
    }
  ],
  "encrypted": false,
  "entries": [
    {
      "alias": "leaf",
      "chain_len": 1,
      "subject_cn": "leaf.example.com",
      "type": "PrivateKeyEntry"
    },
    {
      "alias": "root",
      "subject_cn": "KeyProbe Test Root",
      "type": "TrustedCertEntry"
    }
  ],
  "format": "JKS",
  "magic": "feedfeed",
  "store_type": "jks",
  "warnings": [
    {
      "code": "JKS_WEAK_PBE",
      "message": "Sun PBEWithMD5AndTripleDES in use",
      "severity": "warn"
    }
  ]
}
