{
  "format": "JKS",
  "encrypted": true,
  "magic": "feedfeed",
  "error": "KeystoreSignatureError"
}
