{
  "format": "PKCS12",
  "encrypted": true,
  "error": "BadPasswordError"
}
