{
  "format": "PKCS12",
  "encrypted": false,
  "has_key": true,
  "x509_chain": [
    { "subject_cn": "KeyProbe Test Root" },
    { "subject_cn": "leaf.example.com" }
  ]
}
